// Jest Snapshot v1, https://goo.gl/fbAQLP

exports[`Components : Common: Table of Contents renders correctly 1`] = `
<div
  className="tableOfContents"
>
  <h2>
    Table of contents
  </h2>
  <ul>
    <li>
      <a
        href="#a"
      >
        A
      </a>
    </li>
    <li>
      <a
        href="#b"
      >
        B
      </a>
    </li>
  </ul>
</div>
`;
